1
12345
54321
11111
ajklfkj adkljfklad fll kjaldfj l
afdllkjlkjlkj adfjl adfljl 
adlkfjlka         adfafd  adfsd
adfadsf
alkfdj
adfjlk
adfjl
adsfjlk
1231254
1233
aljdfklajdfakjslf
ajdflakjsdflk
jlajf
ajfkl
adfadfj

adfasdf
adf
asdf
adfasd

adfasdf
adsfasd
adfas
asdf
asdf
as
fdasdf
asdf
as
fas
dfa

adfasd

asdf
afdsf

adsf
a
fasdf

asdf
asdf
adf
asd
f


adfasd

afd
a
dfa
sd
adsf
a
asfd

adsf

asdf
as
f
asdf
a
df
asd
f
af
adfs



